// Jest Snapshot v1, https://goo.gl/fbAQLP

exports[`Render FieldFilterItem with a FieldFilterType 1`] = `
<DocumentFragment>
  <div>
    <span
      class="fieldFilterItem"
    >
      <div>
        <button
          type="button"
        >
          Salutation: 
          <span>
            loading
          </span>
        </button>
        <button
          type="button"
        >
          delete-chip
        </button>
      </div>
    </span>
    <button
      type="button"
    >
      close-menu
    </button>
    <div>
      <div>
        This is the form node
      </div>
      <div
        class="buttonContainer"
      >
        <button
          type="button"
        >
          sulu_admin.ok
        </button>
      </div>
    </div>
  </div>
</DocumentFragment>
`;
