// Jest Snapshot v1, https://goo.gl/fbAQLP

exports[`renders list adapter and toolbar 1`] = `
<DocumentFragment>
  <div
    class="listContainer"
  >
    <div
      class="toolbar"
    >
      <div
        class="toolbarLeft"
      >
        <label
          aria-label="sulu_admin.list_search_placeholder"
        >
          <div
            class="input dark left collapsed hasAppendIcon"
          >
            <div
              class="prependedContainer dark collapsed"
            >
              <span
                aria-label="su-search"
                class="su-search clickable icon dark iconClickable collapsed"
                role="button"
                tabindex="0"
              />
            </div>
            <input
              placeholder="sulu_admin.list_search_placeholder"
              type="text"
              value=""
            />
          </div>
        </label>
      </div>
      <div
        class="toolbarRight"
      >
        <div>
          <button
            class="button icon"
            type="button"
          >
            <span
              aria-label="su-sort"
              class="su-sort buttonIcon"
            />
            <span
              aria-label="su-angle-down"
              class="su-angle-down dropdownIcon"
            />
          </button>
        </div>
      </div>
    </div>
    <div
      class="list"
    >
      <div
        data-disabled-ids="[]"
        data-testid="table-adapter"
      />
    </div>
    <div
      data-testid="single-list-overlay"
    />
    <div
      data-testid="single-list-overlay"
    />
  </div>
</DocumentFragment>
`;
