// Jest Snapshot v1, https://goo.gl/fbAQLP

exports[`Render the items and icons from the ToolbarStore 1`] = `
<nav
  class="toolbar light"
>
  <div
    class="snackbar error"
  >
    <span
      aria-label="su-exclamation-triangle"
      class="icon su-exclamation-triangle"
    />
    <div
      class="text"
    >
      <strong>
        sulu_admin.error
      </strong>
      <button
        class="closeButton"
      >
        sulu_admin.close
        <span
          aria-label="su-times"
          class="closeButtonIcon su-times"
        />
      </button>
    </div>
  </div>
  <div
    class="snackbar success"
  >
    <span
      aria-label="su-check"
      class="icon su-check"
    />
  </div>
  <div
    class="controls light grow"
  >
    <div
      class="itemsContainer"
    >
      <ul
        class="items light"
      >
        <li>
          <button
            class="button light"
            disabled=""
          >
            <span
              aria-label="fa-trash-o"
              class="icon fa fa-trash-o"
            />
          </button>
        </li>
        <li>
          <div
            class="dropdown"
          >
            <button
              class="button light"
              value="Save"
            >
              <span
                aria-label="fa-floppy-more"
                class="icon fa fa-floppy-more"
              />
              <span
                class="label"
              >
                Save
              </span>
              <span
                aria-label="su-angle-down"
                class="dropdownIcon su-angle-down"
              />
            </button>
          </div>
        </li>
        <li>
          <button
            class="button light"
          >
            <span
              class="label"
            >
              <label
                class="label"
              >
                <span
                  class="switch toggler"
                >
                  <input
                    checked=""
                    type="checkbox"
                  />
                  <span />
                </span>
                <div>
                  Toggler
                </div>
              </label>
            </span>
          </button>
        </li>
      </ul>
    </div>
  </div>
  <div
    class="controls light"
  >
    <div
      class="icons light"
    >
      <div
        class="icon"
      >
        <p>
          Test1
        </p>
      </div>
      <div
        class="icon"
      >
        <p>
          Test2
        </p>
      </div>
    </div>
  </div>
</nav>
`;
