// Jest Snapshot v1, https://goo.gl/fbAQLP

exports[`Render the items from the ToolbarStore 1`] = `
<header
  className="toolbar"
>
  <ul>
    <li
      className="item"
    >
      <span
        className="icon fa fa-save"
      />
      <span
        className="title"
      >
        Save
      </span>
    </li>
    <li
      className="item"
    >
      <span
        className="icon fa fa-delete"
      />
      <span
        className="title"
      >
        Delete
      </span>
    </li>
  </ul>
</header>
`;
