// Jest Snapshot v1, https://goo.gl/fbAQLP

exports[`renders media collection and upload action by default 1`] = `
<DocumentFragment>
  <div
    data-testid="multi-media-dropzone"
  >
    <div
      data-testid="collection-section"
    />
    <div
      data-testid="divider"
    />
    <div
      data-testid="list"
    />
  </div>
</DocumentFragment>
`;
