// Jest Snapshot v1, https://goo.gl/fbAQLP

exports[`Render the MultiAutoComplete with open suggestions list 1`] = `
Array [
  <div
    class="multiAutoComplete"
  >
    <div
      class="icon"
    >
      <span
        aria-label="su-search"
        class="su-search"
      />
    </div>
    <div
      class="items"
    >
      <span
        class="chip"
      >
        <button
          class="chip secondary small"
          type="button"
        >
          Test
          <span
            aria-label="su-times"
            class="su-times clickable icon"
            role="button"
            tabindex="0"
          />
        </button>
      </span>
      <input
        class="input mousetrap"
        value=""
      />
    </div>
  </div>,
  <div
    class="backdrop fixed"
    role="button"
  />,
  <div
    class="container"
  >
    <ul
      class="menu"
      style="top: 10px; left: 10px; position: fixed; pointer-events: auto;"
    >
      <li
        class="suggestionItem"
        style="min-width: -10px;"
      >
        <button
          class="suggestion"
          type="button"
        >
          <span
            class="column"
          >
            Suggestion 1
          </span>
        </button>
      </li>
      <li
        class="suggestionItem"
        style="min-width: -10px;"
      >
        <button
          class="suggestion"
          type="button"
        >
          <span
            class="column"
          >
            Suggestion 2
          </span>
        </button>
      </li>
      <li
        class="suggestionItem"
        style="min-width: -10px;"
      >
        <button
          class="suggestion"
          type="button"
        >
          <span
            class="column"
          >
            Suggestion 3
          </span>
        </button>
      </li>
    </ul>
  </div>,
]
`;
