// Jest Snapshot v1, https://goo.gl/fbAQLP

exports[`Render RuleOverlay without value 1`] = `
<DocumentFragment>
  <div>
    <div
      class="overlay"
    >
      <div>
        <div
          data-label="sulu_admin.title"
        />
        <div
          data-label="sulu_audience_targeting.assigned_at"
        >
          <div>
            <div>
              sulu_audience_targeting.each_page_visit
            </div>
            <div>
              sulu_audience_targeting.each_session
            </div>
            <div>
              sulu_audience_targeting.first_visit
            </div>
          </div>
        </div>
        <div
          data-label="sulu_audience_targeting.conditions"
        />
      </div>
    </div>
  </div>
</DocumentFragment>
`;
