// Jest Snapshot v1, https://goo.gl/fbAQLP

exports[`renders a fully filled block list 1`] = `
<DocumentFragment>
  <section
    class="blocks"
  >
    <div
      class="blockCollectionActionButtonContainer"
    >
      <button
        class="blockCollectionActionButton"
        type="button"
      >
        <span
          data-testid="icon"
        />
        <span
          class="blockCollectionActionButtonText"
        >
          sulu_admin.select_multiple_blocks
        </span>
      </button>
      <button
        class="blockCollectionActionButton"
        type="button"
      >
        <span
          data-testid="icon"
        />
        <span
          class="blockCollectionActionButtonText"
        >
          sulu_admin.expand_all_blocks
        </span>
      </button>
    </div>
    <div
      class="spacer"
    />
    <div
      data-testid="sortable-block-list"
    />
    <div
      class="addButtonContainer"
    >
      <button
        type="button"
      >
        sulu_admin.add_block
      </button>
    </div>
  </section>
</DocumentFragment>
`;
