// Jest Snapshot v1, https://goo.gl/fbAQLP

exports[`Render a simple MasonryMediaItem component 1`] = `
<div
  class="container"
>
  <div
    class="header"
  >
    <div
      class="headerClickArea"
    />
    <div
      class="mediaTitle"
    >
      <label
        class="label"
      >
        <span
          class="switch checkbox dark checkbox"
        >
          <input
            type="checkbox"
          />
          <span />
        </span>
        <div>
          <div
            class="mediaTitleText"
          >
            Test
          </div>
        </div>
      </label>
    </div>
    <div
      class="metaInfo"
    >
      Test/Test
    </div>
  </div>
  <div
    class="media"
  >
    <img
      src="http://lorempixel.com/300/200"
    />
    <div
      class="mediaOverlay"
    />
  </div>
</div>
`;
