// Jest Snapshot v1, https://goo.gl/fbAQLP

exports[`Render Link container incl. loading a selected value 1`] = `
<DocumentFragment>
  <div
    class="link"
  >
    <div
      class="provider"
    >
      <div>
        <div>
          Page
        </div>
      </div>
    </div>
    <div
      class="itemContainer"
    >
      <div
        class="item clickable"
        role="button"
      >
        <div
          class="columnList"
        >
          <span
            class="itemColumn"
            style="width: 100%;"
          >
            Page 1
          </span>
        </div>
      </div>
      <button
        class="removeButton"
        type="button"
      >
        <span
          aria-label="su-trash-alt"
          class="su-trash-alt"
        />
      </button>
    </div>
  </div>
</DocumentFragment>
`;
