// Jest Snapshot v1, https://goo.gl/fbAQLP

exports[`Bic should pass default props 1`] = `
<DocumentFragment>
  <div
    class="input default left"
  >
    <div
      class="prependedContainer default"
    >
      <span
        aria-label="su-earth"
        class="su-earth icon default"
      />
    </div>
    <input
      type="text"
      value=""
    />
  </div>
</DocumentFragment>
`;
