// Jest Snapshot v1, https://jestjs.io/docs/snapshot-testing

exports[`Render MimeTypeIndicator if image isn't available 1`] = `
<div
  class="mimeTypeIndicator"
  style="color: rgb(255, 255, 255); font-size: 16px; background-color: rgb(0, 114, 58); width: 25px; height: 25px;"
>
  <span
    aria-label="fa-file-excel-o"
    class="fa fa-file-excel-o"
  />
</div>
`;

exports[`Render a single image if an id is given 1`] = `
<img
  className="image"
  src="/admin/media/redirect/media/5?locale=en&format=sulu-50x50"
/>
`;

exports[`Render nothing if a wrong type of value is given 1`] = `null`;

exports[`Render nothing if no id is given 1`] = `null`;
