// Jest Snapshot v1, https://goo.gl/fbAQLP

exports[`Render permission hint if permissions are missing 1`] = `
<div
  class="hint"
>
  <div
    class="hintIcon"
  >
    <span
      aria-label="su-lock"
      class="su-lock"
    />
  </div>
  sulu_admin.no_permissions
</div>
`;

exports[`Should render form using renderer 1`] = `
<div
  class="grid grid"
/>
`;
