// Jest Snapshot v1, https://goo.gl/fbAQLP

exports[`Render an open MediaSelectionOverlay 1`] = `
<DocumentFragment>
  <div
    data-testid="overlay"
  >
    <div
      class="overlay"
    >
      <button
        data-testid="navigate-collection"
        type="button"
      >
        navigate
      </button>
    </div>
    <button
      type="button"
    >
      confirm
    </button>
  </div>
</DocumentFragment>
`;

exports[`Render an open MediaSelectionOverlay with selected items 1`] = `
<DocumentFragment>
  <div
    data-testid="overlay"
  >
    <div
      class="overlay"
    >
      <button
        data-testid="navigate-collection"
        type="button"
      >
        navigate
      </button>
    </div>
    <button
      type="button"
    >
      confirm
    </button>
  </div>
</DocumentFragment>
`;
