// Jest Snapshot v1, https://goo.gl/fbAQLP

exports[`Render a KeyValue RuleType 1`] = `
<div
  class="inputs"
>
  <label
    class="input default left"
  >
    <input
      placeholder="key"
      type="text"
      value=""
    />
  </label>
  <label
    class="input default left"
  >
    <input
      placeholder="value"
      type="text"
      value=""
    />
  </label>
</div>
`;
