// Jest Snapshot v1, https://goo.gl/fbAQLP

exports[`Render a MultiMediaDropzone 1`] = `
Array [
  <div
    class="dropzone"
    role="presentation"
    tabindex="0"
  >
    <div />
    <input
      multiple=""
      style="border:0;clip:rect(0, 0, 0, 0);clip-path:inset(50%);height:1px;margin:0 -1px -1px 0;overflow:hidden;padding:0;position:absolute;width:1px;white-space:nowrap"
      tabindex="-1"
      type="file"
    />
  </div>,
  <div>
    single-list-overlay-mock
  </div>,
]
`;
