// Jest Snapshot v1, https://jestjs.io/docs/snapshot-testing

exports[`Render a MultiMediaDropzone 1`] = `
<div>
  <div
    class="dropzone"
    role="presentation"
    tabindex="0"
  >
    <div />
    <input
      multiple=""
      style="border: 0px; clip: rect(0px, 0px, 0px, 0px); clip-path: inset(50%); height: 1px; margin: 0px -1px -1px 0px; overflow: hidden; padding: 0px; position: absolute; width: 1px; white-space: nowrap;"
      tabindex="-1"
      type="file"
    />
  </div>
  <div>
    single-list-overlay-mock
  </div>
</div>
`;

exports[`Render the DropzoneOverlay when the open prop is set to true 1`] = `
<div>
  <div
    class="dropzone"
    role="presentation"
    tabindex="0"
  >
    <div />
    <input
      multiple=""
      style="border: 0px; clip: rect(0px, 0px, 0px, 0px); clip-path: inset(50%); height: 1px; margin: 0px -1px -1px 0px; overflow: hidden; padding: 0px; position: absolute; width: 1px; white-space: nowrap;"
      tabindex="-1"
      type="file"
    />
  </div>
  <div>
    single-list-overlay-mock
  </div>
</div>
`;
