// Jest Snapshot v1, https://goo.gl/fbAQLP

exports[`Should render navigation 1`] = `
<DocumentFragment>
  <div>
    <div />
    <div />
    <div>
      <div />
      <div />
    </div>
  </div>
</DocumentFragment>
`;

exports[`Should render navigation without appVersion 1`] = `
<DocumentFragment>
  <div>
    <div />
    <div />
    <div>
      <div />
      <div />
    </div>
  </div>
</DocumentFragment>
`;
