// Jest Snapshot v1, https://goo.gl/fbAQLP

exports[`The component should render 1`] = `
<div
  class="columnContainer isActive"
>
  <div
    class="container isActive"
  >
    <div
      class="item"
    >
      <span
        aria-label="plus"
        class="fa fa-plus"
      />
    </div>
    <div
      class="item"
    >
      <span
        aria-label="search"
        class="fa fa-search"
      />
    </div>
    <div
      class="item"
    >
      <span
        aria-label="gear"
        class="fa fa-gear"
      />
    </div>
  </div>
  <div
    class="column"
  />
</div>
`;

exports[`The component should render 2`] = `
<div
  class="columnContainer isActive"
>
  <div
    class="container isActive"
  >
    <div
      class="item"
    >
      <span
        aria-label="plus"
        class="fa fa-plus"
      />
    </div>
    <div
      class="item"
    >
      <span
        aria-label="search"
        class="fa fa-search"
      />
    </div>
    <div
      class="item"
    >
      <span
        aria-label="gear"
        class="fa fa-gear"
      />
    </div>
  </div>
  <div
    class="column"
  />
</div>
`;
