// Jest Snapshot v1, https://goo.gl/fbAQLP

exports[`Render with data 1`] = `
<DocumentFragment>
  <div>
    <label>
      <input
        aria-label="Test ABC"
        type="checkbox"
      />
      Test ABC
    </label>
    <label>
      <input
        aria-label="Test DEF"
        type="checkbox"
      />
      Test DEF
    </label>
    <label>
      <input
        aria-label="Test XYZ"
        type="checkbox"
      />
      Test XYZ
    </label>
  </div>
</DocumentFragment>
`;
