// Jest Snapshot v1, https://goo.gl/fbAQLP

exports[`Return JSX for simple string 1`] = `
<p>
  Test

</p>
`;

exports[`Return JSX for simple string 2`] = `
<p>
  cccccccccccccccccccccccccccccccccccccccccccccccccccccccccccccccccccccccccccccccccccccccccccccccccccccccccccccccccccccccccccccccccccccccccccccccccccccccccccccccccccccccccccccccccccccccccccccccccccccccccccccccccccccccccccccccccccccccccccccccccccccccccccccccccccccccccccccccccccccccccccccccccccccccccccccccccccccccccccccccccccccccccccccccccccccccccccccccccccccccccccccccccccccccccccccccccccccccccccccccccccccccccccccccccccccccccccccccccccccccccccccccccccccccccccccccccccccccccccccccccccccccccccccccccccc...
</p>
`;

exports[`Return null for everything expect a string 1`] = `null`;
