// Jest Snapshot v1, https://goo.gl/fbAQLP

exports[`Should render the children after the tabs 1`] = `
Array [
  <div
    class="tabsContainer"
  >
    <ul
      class="tabs"
    >
      <li
        class="tab"
      >
        <button
          title="tabTitle1"
        >
          tabTitle1
        </button>
      </li>
      <li
        class="tab"
      >
        <button
          title="tabTitle2"
        >
          tabTitle2
        </button>
      </li>
    </ul>
  </div>,
  <h1>
    Child
  </h1>,
]
`;
